1;
..\mechcmdr.exe
..\readme.doc
..\SMACKW32.dll
..\art.fst
..\misc.fst
..\mission.fst
..\shapes.fst
..\terrain.fst
..\mplaynow.exe
..\mplaynow.ini
..\data\art\art.pak
..\data\movies\Closing.smk
..\data\movies\logos1.smk
..\data\movies\opening.smk
..\data\movies\credits.smk
..\data\movies\Closing.avi
..\data\movies\logos1.avi
..\data\movies\opening.avi
..\data\movies\credits.avi
..\data\movies\OpVid1.smk
..\data\movies\OpVid2.smk
..\data\movies\OpVid3.smk
..\data\movies\OpVid4.smk
..\data\movies\OpVid5.smk
..\data\movies\PILOT00A.smk
..\data\movies\PILOT00C.smk
..\data\movies\PILOT00D.smk
..\data\movies\PILOT01A.smk
..\data\movies\PILOT01C.smk
..\data\movies\PILOT01D.smk
..\data\movies\PILOT02A.smk
..\data\movies\PILOT02C.smk
..\data\movies\PILOT02D.smk
..\data\movies\PILOT03A.smk
..\data\movies\PILOT03C.smk
..\data\movies\PILOT03D.smk
..\data\movies\PILOT04A.smk
..\data\movies\PILOT04C.smk
..\data\movies\PILOT04D.smk
..\data\movies\PILOT05A.smk
..\data\movies\PILOT05C.smk
..\data\movies\PILOT05D.smk
..\data\movies\PILOT06A.smk
..\data\movies\PILOT06C.smk
..\data\movies\PILOT06D.smk
..\data\movies\PILOT07A.smk
..\data\movies\PILOT07C.smk
..\data\movies\PILOT07D.smk
..\data\movies\PILOT08A.smk
..\data\movies\PILOT08C.smk
..\data\movies\PILOT08D.smk
..\data\movies\PILOT09A.smk
..\data\movies\PILOT09C.smk
..\data\movies\PILOT09D.smk
..\data\movies\PILOT10A.smk
..\data\movies\PILOT10C.smk
..\data\movies\PILOT10D.smk
..\data\movies\PILOT11A.smk
..\data\movies\PILOT11C.smk
..\data\movies\PILOT11D.smk
..\data\movies\PILOT12A.smk
..\data\movies\PILOT12C.smk
..\data\movies\PILOT12D.smk
..\data\movies\PILOT13A.smk
..\data\movies\PILOT13C.smk
..\data\movies\PILOT13D.smk
..\data\movies\PILOT14A.smk
..\data\movies\PILOT14C.smk
..\data\movies\PILOT14D.smk
..\data\movies\PILOT15A.smk
..\data\movies\PILOT15C.smk
..\data\movies\PILOT15D.smk
..\data\movies\PILOT16A.smk
..\data\movies\PILOT16C.smk
..\data\movies\PILOT16D.smk
..\data\movies\PILOT17A.smk
..\data\movies\PILOT17C.smk
..\data\movies\PILOT17D.smk
..\data\movies\PILOT18A.smk
..\data\movies\PILOT18C.smk
..\data\movies\PILOT18D.smk
..\data\movies\PILOT19A.smk
..\data\movies\PILOT19C.smk
..\data\movies\PILOT19D.smk
..\data\movies\PILOT20A.smk
..\data\movies\PILOT20C.smk
..\data\movies\PILOT20D.smk
..\data\movies\PILOT21A.smk
..\data\movies\PILOT21C.smk
..\data\movies\PILOT21D.smk
..\data\movies\PILOT22A.smk
..\data\movies\PILOT22C.smk
..\data\movies\PILOT22D.smk
..\data\movies\PILOT23A.smk
..\data\movies\PILOT23C.smk
..\data\movies\PILOT23D.smk
..\data\movies\PILOT24A.smk
..\data\movies\PILOT24C.smk
..\data\movies\PILOT24D.smk
..\data\movies\PILOT25A.smk
..\data\movies\PILOT25C.smk
..\data\movies\PILOT25D.smk
..\data\movies\PILOT26A.smk
..\data\movies\PILOT26C.smk
..\data\movies\PILOT26D.smk
..\data\movies\PILOT27A.smk
..\data\movies\PILOT27C.smk
..\data\movies\PILOT27D.smk
..\data\movies\PILOT28A.smk
..\data\movies\PILOT28C.smk
..\data\movies\PILOT28D.smk
..\data\movies\PILOT29A.smk
..\data\movies\PILOT29C.smk
..\data\movies\PILOT29D.smk
..\data\objects\object2.pak
..\data\savegame\start0.pkk
..\data\sound\betty.pak
..\data\sound\crewa.pak
..\data\sound\crewb.pak
..\data\sound\crewc.pak
..\data\sound\crewd.pak
..\data\sound\crewe.pak
..\data\sound\epilot.pak
..\data\sound\noise.pak
..\data\sound\pilota.pak
..\data\sound\pilotaa.pak
..\data\sound\pilotab.pak
..\data\sound\pilotac.pak
..\data\sound\pilotad.pak
..\data\sound\pilotb.pak
..\data\sound\pilotc.pak
..\data\sound\pilotd.pak
..\data\sound\pilote.pak
..\data\sound\pilotf.pak
..\data\sound\pilotg.pak
..\data\sound\piloth.pak
..\data\sound\piloti.pak
..\data\sound\pilotj.pak
..\data\sound\pilotk.pak
..\data\sound\pilotl.pak
..\data\sound\pilotm.pak
..\data\sound\pilotn.pak
..\data\sound\piloto.pak
..\data\sound\pilotp.pak
..\data\sound\pilotq.pak
..\data\sound\pilotr.pak
..\data\sound\pilots.pak
..\data\sound\pilott.pak
..\data\sound\pilotu.pak
..\data\sound\pilotv.pak
..\data\sound\pilotw.pak
..\data\sound\pilotx.pak
..\data\sound\piloty.pak
..\data\sound\pilotz.pak
..\data\sound\sound.pak
..\data\sound\sfx_atmosfear.wav
..\data\sound\music_180(loop).wav
..\data\sound\music_clan_blowup2.wav
..\data\sound\music_combat_ii(loop).wav
..\data\sound\music_combatiiclan(loop).wav
..\data\sound\music_contact_ii.wav
..\data\sound\music_credits2.wav
..\data\sound\music_drumloop.wav
..\data\sound\music_elite_guard.wav
..\data\sound\music_final_defeat.wav
..\data\sound\music_finale.wav
..\data\sound\music_finclash.wav
..\data\sound\music_findrone.wav
..\data\sound\music_findrum2.wav
..\data\sound\music_finslow2-1.wav
..\data\sound\music_fintribe.wav
..\data\sound\music_impossible(loop).wav
..\data\sound\music_interface(loop).wav
..\data\sound\music_is_blowup.wav
..\data\sound\music_is_defeat3.wav
..\data\sound\music_is_victoria.wav
..\data\sound\music_man_down2.wav
..\data\sound\music_mission_start3.wav
..\data\sound\music_orchcue2.wav
..\data\sound\music_pageantry(loop).wav
..\data\sound\music_the_hunt2.wav
..\data\sound\music_voyage2.wav
..\data\sprites\blip.pak
..\data\sprites\crater.pak
..\data\sprites\cursors.pak
..\data\sprites\feet.pak
..\data\sprites\leftarms.pak
..\data\sprites\leftarms90.pak
..\data\sprites\legs.pak
..\data\sprites\legs90.pak
..\data\sprites\rightarms.pak
..\data\sprites\rightarms90.pak
..\data\sprites\shadow.pak
..\data\sprites\sprites.pak
..\data\sprites\shapes.pak
..\data\sprites\torsos.pak
..\data\sprites\torsos90.pak
..\data\tiles\tiles.pak


